
> roardata-web@0.1.0 build
> prisma generate && next build

node.exe : 
Environment variables 
loaded from .env
At C:\Program Files\no
dejs\npm.ps1:29 char:3
+   & $NODE_EXE 
$NPM_CLI_JS $args
+   ~~~~~~~~~~~~~~~~~~
~~~~~~~~~~~
    + CategoryInfo    
          : NotSpeci  
  fied: (Environmen   
 t variables loade    
d from .env:Strin    
g) [], RemoteExce    
ption
    + FullyQualifiedE 
   rrorId : NativeCo  
  mmandError
 
Prisma schema loaded from prisma\schema.prisma

Γ£ö Generated Prisma Client (v6.19.2) to .\node_modules\@prisma\client in 187ms

Start by importing your Prisma Client (See: https://pris.ly/d/importing-client)

Tip: Need your database queries to be 1000x faster? Accelerate offers you that and more: https://pris.ly/tip-2-accelerate

Γû▓ Next.js 16.1.6 (Turbopack)
- Environments: .env

  Creating an optimized production build ...

> Build error occurred
Error: Turbopack 
build failed with 1 
errors:
./src/app/admin/chatbo
t-leads/page.tsx:3:1
Module not found: 
Can't resolve 
'date-fns'
[0m [90m 1 |[39m 
[36mimport[39m 
[33mReact[39m 
[36mfrom[39m [32m'r
eact'[39m[33m;[39m
 [90m 2 |[39m 
[36mimport[39m { 
prisma } 
[36mfrom[39m [32m'@
/lib/prisma'[39m[33m
;[39m
[31m[1m>[22m[39m[
90m 3 |[39m 
[36mimport[39m { 
format } 
[36mfrom[39m [32m'd
ate-fns'[39m[33m;[3
9m
 [90m   |[39m [31m
[1m^[22m[39m[31m[1
m^[22m[39m[31m[1m^
[22m[39m[31m[1m^[
22m[39m[31m[1m^[22
m[39m[31m[1m^[22m
[39m[31m[1m^[22m[3
9m[31m[1m^[22m[39m
[31m[1m^[22m[39m[
31m[1m^[22m[39m[31
m[1m^[22m[39m[31m
[1m^[22m[39m[31m[1
m^[22m[39m[31m[1m^
[22m[39m[31m[1m^[
22m[39m[31m[1m^[22
m[39m[31m[1m^[22m
[39m[31m[1m^[22m[3
9m[31m[1m^[22m[39m
[31m[1m^[22m[39m[
31m[1m^[22m[39m[31
m[1m^[22m[39m[31m
[1m^[22m[39m[31m[1
m^[22m[39m[31m[1m^
[22m[39m[31m[1m^[
22m[39m[31m[1m^[22
m[39m[31m[1m^[22m
[39m[31m[1m^[22m[3
9m[31m[1m^[22m[39m
[31m[1m^[22m[39m[
31m[1m^[22m[39m[31
m[1m^[22m[39m[31m
[1m^[22m[39m
 [90m 4 |[39m
 [90m 5 |[39m 
[36mexport[39m 
[36mconst[39m 
dynamic [33m=[39m [
32m'force-dynamic'[39
m[33m;[39m
 [90m 6 |[39m[0m



https://nextjs.org/doc
s/messages/module-not-
found


    at <unknown> (./sr
c/app/admin/chatbot-le
ads/page.tsx:3:1)
    at <unknown> (http
s://nextjs.org/docs/me
ssages/module-not-foun
d)
